[    0.000000] Initializing cgroup subsys cpuset
[    0.000000] Initializing cgroup subsys cpu
[    0.000000] Initializing cgroup subsys cpuacct
[    0.000000] Linux version 4.4.0-1038-aws (buildd@lgw01-amd64-039) (gcc version 5.4.0 20160609 (Ubuntu 5.4.0-6ubuntu1~16.04.4) ) #47-Ubuntu SMP Thu Sep 28 20:05:35 UTC 2017 (Ubuntu 4.4.0-1038.47-aws 4.4.87)
[    0.000000] Command line: BOOT_IMAGE=/boot/vmlinuz-4.4.0-1038-aws root=UUID=3e13556e-d28d-407b-bcc6-97160eafebe1 ro console=tty1 console=ttyS0
[    0.000000] KERNEL supported cpus:
[    0.000000]   Intel GenuineIntel
[    0.000000]   AMD AuthenticAMD
[    0.000000]   Centaur CentaurHauls
[    0.000000] x86/fpu: xstate_offset[2]:  576, xstate_sizes[2]:  256
[    0.000000] x86/fpu: Supporting XSAVE feature 0x01: 'x87 floating point registers'
[    0.000000] x86/fpu: Supporting XSAVE feature 0x02: 'SSE registers'
[    0.000000] x86/fpu: Supporting XSAVE feature 0x04: 'AVX registers'
[    0.000000] x86/fpu: Enabled xstate features 0x7, context size is 832 bytes, using 'standard' format.
[    0.000000] x86/fpu: Using 'eager' FPU context switches.
[    0.000000] e820: BIOS-provided physical RAM map:
[    0.000000] BIOS-e820: [mem 0x0000000000000000-0x000000000009dfff] usable
[    0.000000] BIOS-e820: [mem 0x000000000009e000-0x000000000009ffff] reserved
[    0.000000] BIOS-e820: [mem 0x00000000000e0000-0x00000000000fffff] reserved
[    0.000000] BIOS-e820: [mem 0x0000000000100000-0x000000003fffffff] usable
[    0.000000] BIOS-e820: [mem 0x00000000fc000000-0x00000000ffffffff] reserved
[    0.000000] NX (Execute Disable) protection: active
[    0.000000] SMBIOS 2.7 present.
[    0.000000] DMI: Xen HVM domU, BIOS 4.2.amazon 08/24/2006
[    0.000000] Hypervisor detected: Xen
[    0.000000] Xen version 4.2.
[    0.000000] Xen Platform PCI: I/O protocol version 1
[    0.000000] Netfront and the Xen platform PCI driver have been compiled for this kernel: unplug emulated NICs.
[    0.000000] Blkfront and the Xen platform PCI driver have been compiled for this kernel: unplug emulated disks.
               You might have to change the root device
               from /dev/hd[a-d] to /dev/xvd[a-d]
               in your root= kernel command line option
[    0.000000] HVMOP_pagetable_dying not supported
[    0.000000] e820: update [mem 0x00000000-0x00000fff] usable ==> reserved
[    0.000000] e820: remove [mem 0x000a0000-0x000fffff] usable
[    0.000000] e820: last_pfn = 0x40000 max_arch_pfn = 0x400000000
[    0.000000] MTRR default type: write-back
[    0.000000] MTRR fixed ranges enabled:
[    0.000000]   00000-9FFFF write-back
[    0.000000]   A0000-BFFFF write-combining
[    0.000000]   C0000-FFFFF write-back
[    0.000000] MTRR variable ranges enabled:
[    0.000000]   0 base 0000F0000000 mask 3FFFF8000000 uncachable
[    0.000000]   1 base 0000F8000000 mask 3FFFFC000000 uncachable
[    0.000000]   2 disabled
[    0.000000]   3 disabled
[    0.000000]   4 disabled
[    0.000000]   5 disabled
[    0.000000]   6 disabled
[    0.000000]   7 disabled
[    0.000000] x86/PAT: Configuration [0-7]: WB  WC  UC- UC  WB  WC  UC- WT  
[    0.000000] found SMP MP-table at [mem 0x000fbc20-0x000fbc2f] mapped at [ffff8800000fbc20]
[    0.000000] Scanning 1 areas for low memory corruption
[    0.000000] Base memory trampoline at [ffff880000098000] 98000 size 24576
[    0.000000] BRK [0x021fa000, 0x021fafff] PGTABLE
[    0.000000] BRK [0x021fb000, 0x021fbfff] PGTABLE
[    0.000000] BRK [0x021fc000, 0x021fcfff] PGTABLE
[    0.000000] RAMDISK: [mem 0x367f0000-0x373effff]
[    0.000000] ACPI: Early table checksum verification disabled
[    0.000000] ACPI: RSDP 0x00000000000EA020 000024 (v02 Xen   )
[    0.000000] ACPI: XSDT 0x00000000FC00DDC0 000054 (v01 Xen    HVM      00000000 HVML 00000000)
[    0.000000] ACPI: FACP 0x00000000FC00DA80 0000F4 (v04 Xen    HVM      00000000 HVML 00000000)
[    0.000000] ACPI: DSDT 0x00000000FC001CE0 00BD19 (v02 Xen    HVM      00000000 INTL 20090123)
[    0.000000] ACPI: FACS 0x00000000FC001CA0 000040
[    0.000000] ACPI: FACS 0x00000000FC001CA0 000040
[    0.000000] ACPI: APIC 0x00000000FC00DB80 0000D8 (v02 Xen    HVM      00000000 HVML 00000000)
[    0.000000] ACPI: HPET 0x00000000FC00DCD0 000038 (v01 Xen    HVM      00000000 HVML 00000000)
[    0.000000] ACPI: WAET 0x00000000FC00DD10 000028 (v01 Xen    HVM      00000000 HVML 00000000)
[    0.000000] ACPI: SSDT 0x00000000FC00DD40 000031 (v02 Xen    HVM      00000000 INTL 20090123)
[    0.000000] ACPI: SSDT 0x00000000FC00DD80 000031 (v02 Xen    HVM      00000000 INTL 20090123)
[    0.000000] ACPI: Local APIC address 0xfee00000
[    0.000000] No NUMA configuration found
[    0.000000] Faking a node at [mem 0x0000000000000000-0x000000003fffffff]
[    0.000000] NODE_DATA(0) allocated [mem 0x3fffb000-0x3fffffff]
[    0.000000] Zone ranges:
[    0.000000]   DMA      [mem 0x0000000000001000-0x0000000000ffffff]
[    0.000000]   DMA32    [mem 0x0000000001000000-0x000000003fffffff]
[    0.000000]   Normal   empty
[    0.000000]   Device   empty
[    0.000000] Movable zone start for each node
[    0.000000] Early memory node ranges
[    0.000000]   node   0: [mem 0x0000000000001000-0x000000000009dfff]
[    0.000000]   node   0: [mem 0x0000000000100000-0x000000003fffffff]
[    0.000000] Initmem setup node 0 [mem 0x0000000000001000-0x000000003fffffff]
[    0.000000] On node 0 totalpages: 262045
[    0.000000]   DMA zone: 64 pages used for memmap
[    0.000000]   DMA zone: 21 pages reserved
[    0.000000]   DMA zone: 3997 pages, LIFO batch:0
[    0.000000]   DMA32 zone: 4032 pages used for memmap
[    0.000000]   DMA32 zone: 258048 pages, LIFO batch:31
[    0.000000] ACPI: PM-Timer IO Port: 0xb008
[    0.000000] ACPI: Local APIC address 0xfee00000
[    0.000000] IOAPIC[0]: apic_id 1, version 17, address 0xfec00000, GSI 0-47
[    0.000000] ACPI: INT_SRC_OVR (bus 0 bus_irq 0 global_irq 2 dfl dfl)
[    0.000000] ACPI: INT_SRC_OVR (bus 0 bus_irq 5 global_irq 5 low level)
[    0.000000] ACPI: INT_SRC_OVR (bus 0 bus_irq 10 global_irq 10 low level)
[    0.000000] ACPI: INT_SRC_OVR (bus 0 bus_irq 11 global_irq 11 low level)
[    0.000000] ACPI: IRQ0 used by override.
[    0.000000] ACPI: IRQ5 used by override.
[    0.000000] ACPI: IRQ9 used by override.
[    0.000000] ACPI: IRQ10 used by override.
[    0.000000] ACPI: IRQ11 used by override.
[    0.000000] Using ACPI (MADT) for SMP configuration information
[    0.000000] ACPI: HPET id: 0x8086a201 base: 0xfed00000
[    0.000000] smpboot: Allowing 15 CPUs, 14 hotplug CPUs
[    0.000000] PM: Registered nosave memory: [mem 0x00000000-0x00000fff]
[    0.000000] PM: Registered nosave memory: [mem 0x0009e000-0x0009ffff]
[    0.000000] PM: Registered nosave memory: [mem 0x000a0000-0x000dffff]
[    0.000000] PM: Registered nosave memory: [mem 0x000e0000-0x000fffff]
[    0.000000] e820: [mem 0x40000000-0xfbffffff] available for PCI devices
[    0.000000] Booting paravirtualized kernel on Xen HVM
[    0.000000] clocksource: refined-jiffies: mask: 0xffffffff max_cycles: 0xffffffff, max_idle_ns: 7645519600211568 ns
[    0.000000] setup_percpu: NR_CPUS:256 nr_cpumask_bits:256 nr_cpu_ids:15 nr_node_ids:1
[    0.000000] PERCPU: Embedded 33 pages/cpu @ffff88003e200000 s98072 r8192 d28904 u262144
[    0.000000] pcpu-alloc: s98072 r8192 d28904 u262144 alloc=1*2097152
[    0.000000] pcpu-alloc: [0] 00 01 02 03 04 05 06 07 [0] 08 09 10 11 12 13 14 -- 
[    0.000000] xen: PV spinlocks enabled
[    0.000000] PV qspinlock hash table entries: 256 (order: 0, 4096 bytes)
[    0.000000] Built 1 zonelists in Node order, mobility grouping on.  Total pages: 257928
[    0.000000] Policy zone: DMA32
[    0.000000] Kernel command line: BOOT_IMAGE=/boot/vmlinuz-4.4.0-1038-aws root=UUID=3e13556e-d28d-407b-bcc6-97160eafebe1 ro console=tty1 console=ttyS0
[    0.000000] PID hash table entries: 4096 (order: 3, 32768 bytes)
[    0.000000] Calgary: detecting Calgary via BIOS EBDA area
[    0.000000] Calgary: Unable to locate Rio Grande table in EBDA - bailing!
[    0.000000] Memory: 998736K/1048180K available (8302K kernel code, 1262K rwdata, 3872K rodata, 1472K init, 1288K bss, 49444K reserved, 0K cma-reserved)
[    0.000000] SLUB: HWalign=64, Order=0-3, MinObjects=0, CPUs=15, Nodes=1
[    0.000000] Hierarchical RCU implementation.
[    0.000000] 	Build-time adjustment of leaf fanout to 64.
[    0.000000] 	RCU restricting CPUs from NR_CPUS=256 to nr_cpu_ids=15.
[    0.000000] RCU: Adjusting geometry for rcu_fanout_leaf=64, nr_cpu_ids=15
[    0.000000] NR_IRQS:16640 nr_irqs:952 16
[    0.000000] xen:events: Using 2-level ABI
[    0.000000] xen:events: Xen HVM callback vector for event delivery is enabled
[    0.000000] Console: colour VGA+ 80x25
[    0.000000] console [tty1] enabled
[    0.000000] Cannot get hvm parameter CONSOLE_EVTCHN (18): -22!
[    0.000000] console [ttyS0] enabled
[    0.000000] clocksource: hpet: mask: 0xffffffff max_cycles: 0xffffffff, max_idle_ns: 30580167144 ns
[    0.000000] hpet clockevent registered
[    0.000000] tsc: Detected 2400.052 MHz processor
[    0.008000] Calibrating delay loop (skipped), value calculated using timer frequency.. 4800.10 BogoMIPS (lpj=9600208)
[    0.012005] pid_max: default: 32768 minimum: 301
[    0.014864] ACPI: Core revision 20150930
[    0.023769] ACPI: 3 ACPI AML tables successfully acquired and loaded
[    0.026952] Security Framework initialized
[    0.028005] Yama: becoming mindful.
[    0.032029] AppArmor: AppArmor initialized
[    0.034749] Dentry cache hash table entries: 131072 (order: 8, 1048576 bytes)
[    0.040052] Inode-cache hash table entries: 65536 (order: 7, 524288 bytes)
[    0.044102] Mount-cache hash table entries: 2048 (order: 2, 16384 bytes)
[    0.048007] Mountpoint-cache hash table entries: 2048 (order: 2, 16384 bytes)
[    0.052206] Initializing cgroup subsys io
[    0.054769] Initializing cgroup subsys memory
[    0.056014] Initializing cgroup subsys devices
[    0.060008] Initializing cgroup subsys freezer
[    0.062791] Initializing cgroup subsys net_cls
[    0.064005] Initializing cgroup subsys perf_event
[    0.068008] Initializing cgroup subsys net_prio
[    0.070567] Initializing cgroup subsys hugetlb
[    0.072004] Initializing cgroup subsys pids
[    0.076072] CPU: Physical Processor ID: 0
[    0.079041] mce: CPU supports 2 MCE banks
[    0.080023] Last level iTLB entries: 4KB 1024, 2MB 1024, 4MB 1024
[    0.084004] Last level dTLB entries: 4KB 1024, 2MB 1024, 4MB 1024, 1GB 4
[    0.105095] ftrace: allocating 31265 entries in 123 pages
[    0.132104] smpboot: APIC(0) Converting physical 0 to logical package 0
[    0.140005] smpboot: Max logical packages: 15
[    0.144542] x2apic: IRQ remapping doesn't support X2APIC mode
[    0.148004] Switched APIC routing to physical flat.
[    0.154183] ..TIMER: vector=0x30 apic1=0 pin1=2 apic2=0 pin2=0
[    0.160004] clocksource: xen: mask: 0xffffffffffffffff max_cycles: 0x1cd42e4dffb, max_idle_ns: 881590591483 ns
[    0.164014] Xen: using vcpuop timer interface
[    0.164022] installing Xen timer for CPU 0
[    0.168059] smpboot: CPU0: Intel(R) Xeon(R) CPU E5-2676 v3 @ 2.40GHz (family: 0x6, model: 0x3f, stepping: 0x2)
[    0.176038] cpu 0 spinlock event irq 53
[    0.179295] Performance Events: unsupported p6 CPU model 63 no PMU driver, software events only.
[    0.184811] x86: Booted up 1 node, 1 CPUs
[    0.188008] smpboot: Total of 1 processors activated (4800.10 BogoMIPS)
[    0.192015] NMI watchdog: disabled (cpu0): hardware events not enabled
[    0.196007] NMI watchdog: Shutting down hard lockup detector on all cpus
[    0.200421] devtmpfs: initialized
[    0.204995] evm: security.selinux
[    0.208008] evm: security.SMACK64
[    0.211295] evm: security.SMACK64EXEC
[    0.212004] evm: security.SMACK64TRANSMUTE
[    0.215885] evm: security.SMACK64MMAP
[    0.216006] evm: security.ima
[    0.218792] evm: security.capability
[    0.220184] clocksource: jiffies: mask: 0xffffffff max_cycles: 0xffffffff, max_idle_ns: 7645041785100000 ns
[    0.224042] futex hash table entries: 4096 (order: 6, 262144 bytes)
[    0.228281] RTC time:  5:15:39, date: 10/23/17
[    0.232000] NET: Registered protocol family 16
[    0.232164] cpuidle: using governor ladder
[    0.235268] cpuidle: using governor menu
[    0.236017] PCCT header not found.
[    0.239078] ACPI: bus type PCI registered
[    0.240007] acpiphp: ACPI Hot Plug PCI Controller Driver version: 0.5
[    0.244389] PCI: Using configuration type 1 for base access
[    0.249061] ACPI: Added _OSI(Module Device)
[    0.252011] ACPI: Added _OSI(Processor Device)
[    0.255910] ACPI: Added _OSI(3.0 _SCP Extensions)
[    0.256008] ACPI: Added _OSI(Processor Aggregator Device)
[    0.261018] xen: --> pirq=16 -> irq=9 (gsi=9)
[    0.263470] ACPI: Interpreter enabled
[    0.264022] ACPI: (supports S0 S3 S4 S5)
[    0.267787] ACPI: Using IOAPIC for interrupt routing
[    0.268050] PCI: Using host bridge windows from ACPI; if necessary, use "pci=nocrs" and report a bug
[    0.317445] ACPI: PCI Root Bridge [PCI0] (domain 0000 [bus 00-ff])
[    0.320015] acpi PNP0A03:00: _OSC: OS supports [ASPM ClockPM Segments MSI]
[    0.324014] acpi PNP0A03:00: _OSC failed (AE_NOT_FOUND); disabling ASPM
[    0.328024] acpi PNP0A03:00: fail to add MMCONFIG information, can't access extended PCI configuration space under this bridge.
[    0.332965] acpiphp: Slot [0] registered
[    0.337075] acpiphp: Slot [3] registered
[    0.340367] acpiphp: Slot [4] registered
[    0.344400] acpiphp: Slot [5] registered
[    0.348377] acpiphp: Slot [6] registered
[    0.352313] acpiphp: Slot [7] registered
[    0.356251] acpiphp: Slot [8] registered
[    0.360400] acpiphp: Slot [9] registered
[    0.364195] acpiphp: Slot [10] registered
[    0.368415] acpiphp: Slot [11] registered
[    0.372350] acpiphp: Slot [12] registered
[    0.376059] acpiphp: Slot [13] registered
[    0.379674] acpiphp: Slot [14] registered
[    0.380328] acpiphp: Slot [15] registered
[    0.383781] acpiphp: Slot [16] registered
[    0.384412] acpiphp: Slot [17] registered
[    0.388019] acpiphp: Slot [18] registered
[    0.391646] acpiphp: Slot [19] registered
[    0.392322] acpiphp: Slot [20] registered
[    0.396032] acpiphp: Slot [21] registered
[    0.399738] acpiphp: Slot [22] registered
[    0.400334] acpiphp: Slot [23] registered
[    0.403905] acpiphp: Slot [24] registered
[    0.404337] acpiphp: Slot [25] registered
[    0.407905] acpiphp: Slot [26] registered
[    0.408343] acpiphp: Slot [27] registered
[    0.412280] acpiphp: Slot [28] registered
[    0.416386] acpiphp: Slot [29] registered
[    0.420355] acpiphp: Slot [30] registered
[    0.423986] acpiphp: Slot [31] registered
[    0.424410] PCI host bridge to bus 0000:00
[    0.428009] pci_bus 0000:00: root bus resource [io  0x0000-0x0cf7 window]
[    0.432008] pci_bus 0000:00: root bus resource [io  0x0d00-0xffff window]
[    0.436011] pci_bus 0000:00: root bus resource [mem 0x000a0000-0x000bffff window]
[    0.440012] pci_bus 0000:00: root bus resource [mem 0xf0000000-0xfbffffff window]
[    0.444011] pci_bus 0000:00: root bus resource [bus 00-ff]
[    0.448187] pci 0000:00:00.0: [8086:1237] type 00 class 0x060000
[    0.450255] pci 0000:00:01.0: [8086:7000] type 00 class 0x060100
[    0.453403] pci 0000:00:01.1: [8086:7010] type 00 class 0x010180
[    0.455249] pci 0000:00:01.1: reg 0x20: [io  0xc100-0xc10f]
[    0.455935] pci 0000:00:01.1: legacy IDE quirk: reg 0x10: [io  0x01f0-0x01f7]
[    0.456007] pci 0000:00:01.1: legacy IDE quirk: reg 0x14: [io  0x03f6]
[    0.460006] pci 0000:00:01.1: legacy IDE quirk: reg 0x18: [io  0x0170-0x0177]
[    0.464005] pci 0000:00:01.1: legacy IDE quirk: reg 0x1c: [io  0x0376]
[    0.468746] pci 0000:00:01.3: [8086:7113] type 00 class 0x068000
[    0.468856] * Found PM-Timer Bug on the chipset. Due to workarounds for a bug,
               * this clock source is slow. Consider trying other clock sources
[    0.473602] pci 0000:00:01.3: quirk: [io  0xb000-0xb03f] claimed by PIIX4 ACPI
[    0.477042] pci 0000:00:02.0: [1013:00b8] type 00 class 0x030000
[    0.477461] pci 0000:00:02.0: reg 0x10: [mem 0xf0000000-0xf1ffffff pref]
[    0.477724] pci 0000:00:02.0: reg 0x14: [mem 0xf3000000-0xf3000fff]
[    0.479855] pci 0000:00:03.0: [5853:0001] type 00 class 0xff8000
[    0.480424] pci 0000:00:03.0: reg 0x10: [io  0xc000-0xc0ff]
[    0.480683] pci 0000:00:03.0: reg 0x14: [mem 0xf2000000-0xf2ffffff pref]
[    0.483850] ACPI: PCI Interrupt Link [LNKA] (IRQs *5 10 11)
[    0.487521] ACPI: PCI Interrupt Link [LNKB] (IRQs 5 *10 11)
[    0.491504] ACPI: PCI Interrupt Link [LNKC] (IRQs 5 10 *11)
[    0.495497] ACPI: PCI Interrupt Link [LNKD] (IRQs *5 10 11)
[    0.518424] ACPI: Enabled 2 GPEs in block 00 to 0F
[    0.520088] xen:balloon: Initialising balloon driver
[    0.528136] vgaarb: setting as boot device: PCI:0000:00:02.0
[    0.532000] vgaarb: device added: PCI:0000:00:02.0,decodes=io+mem,owns=io+mem,locks=none
[    0.532009] vgaarb: loaded
[    0.534093] vgaarb: bridge control possible 0000:00:02.0
[    0.536217] SCSI subsystem initialized
[    0.538613] libata version 3.00 loaded.
[    0.538636] ACPI: bus type USB registered
[    0.540023] usbcore: registered new interface driver usbfs
[    0.543550] usbcore: registered new interface driver hub
[    0.544035] usbcore: registered new device driver usb
[    0.547436] PCI: Using ACPI for IRQ routing
[    0.548006] PCI: pci_cache_line_size set to 64 bytes
[    0.548307] e820: reserve RAM buffer [mem 0x0009e000-0x0009ffff]
[    0.548431] NetLabel: Initializing
[    0.550645] NetLabel:  domain hash size = 128
[    0.552005] NetLabel:  protocols = UNLABELED CIPSOv4
[    0.555079] NetLabel:  unlabeled traffic allowed by default
[    0.556110] HPET: 3 timers in total, 0 timers will be used for per-cpu timer
[    0.560018] hpet0: at MMIO 0xfed00000, IRQs 2, 8, 0
[    0.564007] hpet0: 3 comparators, 64-bit 62.500000 MHz counter
[    0.569046] amd_nb: Cannot enumerate AMD northbridges
[    0.572019] clocksource: Switched to clocksource xen
[    0.582511] AppArmor: AppArmor Filesystem Enabled
[    0.588010] pnp: PnP ACPI init
[    0.590292] system 00:00: [mem 0x00000000-0x0009ffff] could not be reserved
[    0.594289] system 00:00: Plug and Play ACPI device, IDs PNP0c02 (active)
[    0.594391] system 00:01: [io  0x08a0-0x08a3] has been reserved
[    0.597877] system 00:01: [io  0x0cc0-0x0ccf] has been reserved
[    0.601100] system 00:01: [io  0x04d0-0x04d1] has been reserved
[    0.604351] system 00:01: Plug and Play ACPI device, IDs PNP0c02 (active)
[    0.604385] xen: --> pirq=17 -> irq=8 (gsi=8)
[    0.604412] pnp 00:02: Plug and Play ACPI device, IDs PNP0b00 (active)
[    0.604437] xen: --> pirq=18 -> irq=12 (gsi=12)
[    0.604454] pnp 00:03: Plug and Play ACPI device, IDs PNP0f13 (active)
[    0.604469] xen: --> pirq=19 -> irq=1 (gsi=1)
[    0.604483] pnp 00:04: Plug and Play ACPI device, IDs PNP0303 PNP030b (active)
[    0.604498] xen: --> pirq=20 -> irq=6 (gsi=6)
[    0.604500] pnp 00:05: [dma 2]
[    0.604513] pnp 00:05: Plug and Play ACPI device, IDs PNP0700 (active)
[    0.604537] xen: --> pirq=21 -> irq=4 (gsi=4)
[    0.604551] pnp 00:06: Plug and Play ACPI device, IDs PNP0501 (active)
[    0.604591] system 00:07: [io  0x10c0-0x1141] has been reserved
[    0.607996] system 00:07: [io  0xb044-0xb047] has been reserved
[    0.611280] system 00:07: Plug and Play ACPI device, IDs PNP0c02 (active)
[    0.626329] pnp: PnP ACPI: found 8 devices
[    0.634500] clocksource: acpi_pm: mask: 0xffffff max_cycles: 0xffffff, max_idle_ns: 2085701024 ns
[    0.639841] pci_bus 0000:00: resource 4 [io  0x0000-0x0cf7 window]
[    0.639843] pci_bus 0000:00: resource 5 [io  0x0d00-0xffff window]
[    0.639845] pci_bus 0000:00: resource 6 [mem 0x000a0000-0x000bffff window]
[    0.639847] pci_bus 0000:00: resource 7 [mem 0xf0000000-0xfbffffff window]
[    0.639893] NET: Registered protocol family 2
[    0.642937] TCP established hash table entries: 8192 (order: 4, 65536 bytes)
[    0.646972] TCP bind hash table entries: 8192 (order: 5, 131072 bytes)
[    0.650920] TCP: Hash tables configured (established 8192 bind 8192)
[    0.654775] UDP hash table entries: 512 (order: 2, 16384 bytes)
[    0.658250] UDP-Lite hash table entries: 512 (order: 2, 16384 bytes)
[    0.661997] NET: Registered protocol family 1
[    0.664754] pci 0000:00:00.0: Limiting direct PCI/PCI transfers
[    0.668308] pci 0000:00:01.0: PIIX3: Enabling Passive Release
[    0.671760] pci 0000:00:01.0: Activating ISA DMA hang workarounds
[    0.675501] pci 0000:00:02.0: Video device with shadowed ROM
[    0.675553] PCI: CLS 0 bytes, default 64
[    0.675612] Trying to unpack rootfs image as initramfs...
[    0.856778] Freeing initrd memory: 12288K
[    0.859597] RAPL PMU detected, API unit is 2^-32 Joules, 3 fixed counters 655360 ms ovfl timer
[    0.864619] hw unit of domain pp0-core 2^-14 Joules
[    0.867418] hw unit of domain package 2^-14 Joules
[    0.870233] hw unit of domain dram 2^-16 Joules
[    0.872996] Scanning for low memory corruption every 60 seconds
[    0.876690] audit: initializing netlink subsys (disabled)
[    0.880609] audit: type=2000 audit(1508735740.427:1): initialized
[    0.884392] Initialise system trusted keyring
[    0.887222] HugeTLB registered 2 MB page size, pre-allocated 0 pages
[    0.893176] zbud: loaded
[    0.895226] VFS: Disk quotas dquot_6.6.0
[    0.897712] VFS: Dquot-cache hash table entries: 512 (order 0, 4096 bytes)
[    0.901843] squashfs: version 4.0 (2009/01/31) Phillip Lougher
[    0.905468] fuse init (API version 7.23)
[    0.908238] Key type big_key registered
[    0.910674] Allocating IMA MOK and blacklist keyrings.
[    0.913914] Key type asymmetric registered
[    0.916519] Asymmetric key parser 'x509' registered
[    0.919486] Block layer SCSI generic (bsg) driver version 0.4 loaded (major 249)
[    0.923962] io scheduler noop registered
[    0.926651] io scheduler deadline registered (default)
[    0.929952] io scheduler cfq registered
[    0.932496] pci_hotplug: PCI Hot Plug PCI Core version: 0.5
[    0.935835] pciehp: PCI Express Hot Plug Controller Driver version: 0.4
[    0.939481] intel_idle: does not run on family 6 model 63
[    0.939568] input: Power Button as /devices/LNXSYSTM:00/LNXPWRBN:00/input/input0
[    0.943912] ACPI: Power Button [PWRF]
[    0.946377] input: Sleep Button as /devices/LNXSYSTM:00/LNXSLPBN:00/input/input1
[    0.951102] ACPI: Sleep Button [SLPF]
[    0.953878] xen: --> pirq=22 -> irq=28 (gsi=28)
[    0.953948] xen:grant_table: Grant tables using version 1 layout
[    0.957704] Grant table initialized
[    0.960140] Cannot get hvm parameter CONSOLE_EVTCHN (18): -22!
[    0.963537] Serial: 8250/16550 driver, 32 ports, IRQ sharing enabled
[    0.992653] 00:06: ttyS0 at I/O 0x3f8 (irq = 4, base_baud = 115200) is a 16550A
[    0.998486] Linux agpgart interface v0.103
[    1.003060] brd: module loaded
[    1.006195] loop: module loaded
[    1.016458] ata_piix 0000:00:01.1: version 2.13
[    1.017452] scsi host0: ata_piix
[    1.021197] scsi host1: ata_piix
[    1.025307] ata1: PATA max MWDMA2 cmd 0x1f0 ctl 0x3f6 bmdma 0xc100 irq 14
[    1.031271] ata2: PATA max MWDMA2 cmd 0x170 ctl 0x376 bmdma 0xc108 irq 15
[    1.039318] libphy: Fixed MDIO Bus: probed
[    1.042052] tun: Universal TUN/TAP device driver, 1.6
[    1.046679] tun: (C) 1999-2004 Max Krasnyansky <maxk@qualcomm.com>
[    1.050434] PPP generic driver version 2.4.2
[    1.054925] xen_netfront: Initialising Xen virtual ethernet driver
[    1.065516] blkfront: xvda: barrier or flush: disabled; persistent grants: disabled; indirect descriptors: enabled;
[    1.075585] ehci_hcd: USB 2.0 'Enhanced' Host Controller (EHCI) Driver
[    1.079940] ehci-pci: EHCI PCI platform driver
[    1.083404] ehci-platform: EHCI generic platform driver
[    1.086519] ohci_hcd: USB 1.1 'Open' Host Controller (OHCI) Driver
[    1.090236] ohci-pci: OHCI PCI platform driver
[    1.094615] ohci-platform: OHCI generic platform driver
[    1.097696]  xvda: xvda1
[    1.099584] uhci_hcd: USB Universal Host Controller Interface driver
[    1.103304] i8042: PNP: PS/2 Controller [PNP0303:PS2K,PNP0f13:PS2M] at 0x60,0x64 irq 1,12
[    1.110822] serio: i8042 KBD port at 0x60,0x64 irq 1
[    1.113841] serio: i8042 AUX port at 0x60,0x64 irq 12
[    1.117471] mousedev: PS/2 mouse device common for all mice
[    1.121775] input: AT Translated Set 2 keyboard as /devices/platform/i8042/serio0/input/input2
[    1.127321] rtc_cmos 00:02: rtc core: registered rtc_cmos as rtc0
[    1.131701] rtc_cmos 00:02: alarms up to one day, 114 bytes nvram, hpet irqs
[    1.135787] blkfront: xvdf: barrier or flush: disabled; persistent grants: disabled; indirect descriptors: enabled;
[    1.156527] i2c /dev entries driver
[    1.158920] device-mapper: uevent: version 1.0.3
[    1.161842] device-mapper: ioctl: 4.34.0-ioctl (2015-10-28) initialised: dm-devel@redhat.com
[    1.167602] NET: Registered protocol family 10
[    1.171455] NET: Registered protocol family 17
[    1.175036] Key type dns_resolver registered
[    1.177914]  xvdf: xvdf1 xvdf2 xvdf3 xvdf4
[    1.180829] microcode: CPU0 sig=0x306f2, pf=0x1, revision=0x3a
[    1.184223] microcode: Microcode Update Driver: v2.01 <tigran@aivazian.fsnet.co.uk>, Peter Oruba
[    1.189650] registered taskstats version 1
[    1.193517] Loading compiled-in X.509 certificates
[    1.197868] Loaded X.509 cert 'Build time autogenerated kernel key: 85b0167d14862ca123ba3b334c3b97514305d7ce'
[    1.204938] zswap: loaded using pool lzo/zbud
[    1.209488] Key type trusted registered
[    1.215744] Key type encrypted registered
[    1.218508] AppArmor: AppArmor sha1 policy hashing enabled
[    1.225824] ima: No TPM chip found, activating TPM-bypass!
[    1.229459] evm: HMAC attrs: 0x1
[    1.232241]   Magic number: 5:2:265
[    1.234841] rtc_cmos 00:02: setting system clock to 2017-10-23 05:15:40 UTC (1508735740)
[    1.239879] BIOS EDD facility v0.16 2004-Jun-25, 0 devices found
[    1.243436] EDD information not available.
[    1.246086] PM: Hibernation image not present or could not be loaded.
[    1.247983] Freeing unused kernel memory: 1472K
[    1.250773] Write protecting the kernel read-only data: 14336k
[    1.254746] Freeing unused kernel memory: 1928K
[    1.258144] Freeing unused kernel memory: 224K
[    1.271758] random: udevadm: uninitialized urandom read (16 bytes read, 10 bits of entropy available)
[    1.277756] random: systemd-udevd: uninitialized urandom read (16 bytes read, 10 bits of entropy available)
[    1.283366] random: systemd-udevd: uninitialized urandom read (16 bytes read, 10 bits of entropy available)
[    1.298033] random: udevadm: uninitialized urandom read (16 bytes read, 11 bits of entropy available)
[    1.307239] random: udevadm: uninitialized urandom read (16 bytes read, 11 bits of entropy available)
[    1.312889] random: systemd-udevd: uninitialized urandom read (16 bytes read, 11 bits of entropy available)
[    1.319190] random: udevadm: uninitialized urandom read (16 bytes read, 11 bits of entropy available)
[    1.324811] random: systemd-udevd: uninitialized urandom read (16 bytes read, 11 bits of entropy available)
[    1.330692] random: udevadm: uninitialized urandom read (16 bytes read, 11 bits of entropy available)
[    1.336923] random: udevadm: uninitialized urandom read (16 bytes read, 11 bits of entropy available)
[    1.440557] AVX2 version of gcm_enc/dec engaged.
[    1.443357] AES CTR mode by8 optimization enabled
[    1.872127] tsc: Refined TSC clocksource calibration: 2399.997 MHz
[    1.875562] clocksource: tsc: mask: 0xffffffffffffffff max_cycles: 0x229834d6ac9, max_idle_ns: 440795285103 ns
[    2.968214] md: linear personality registered for level -1
[    2.974297] md: multipath personality registered for level -4
[    2.980680] md: raid0 personality registered for level 0
[    2.987207] md: raid1 personality registered for level 1
[    3.040067] raid6: sse2x1   gen()  8362 MB/s
[    3.088068] raid6: sse2x1   xor()  6508 MB/s
[    3.136066] raid6: sse2x2   gen() 10544 MB/s
[    3.184066] raid6: sse2x2   xor()  7098 MB/s
[    3.232065] raid6: sse2x4   gen() 12023 MB/s
[    3.280065] raid6: sse2x4   xor()  8454 MB/s
[    3.328063] raid6: avx2x1   gen() 16268 MB/s
[    3.376068] raid6: avx2x2   gen() 18778 MB/s
[    3.424062] raid6: avx2x4   gen() 21777 MB/s
[    3.426850] raid6: using algorithm avx2x4 gen() 21777 MB/s
[    3.430448] raid6: using avx2x2 recovery algorithm
[    3.436039] xor: automatically using best checksumming function:
[    3.476064]    avx       : 26356.000 MB/sec
[    3.481274] async_tx: api initialized (async)
[    3.495512] md: raid6 personality registered for level 6
[    3.498725] md: raid5 personality registered for level 5
[    3.501723] md: raid4 personality registered for level 4
[    3.510391] md: raid10 personality registered for level 10
[    3.548224] Btrfs loaded
[    3.612545] EXT4-fs (xvda1): mounted filesystem with ordered data mode. Opts: (null)
[    3.756021] systemd[1]: systemd 229 running in system mode. (+PAM +AUDIT +SELINUX +IMA +APPARMOR +SMACK +SYSVINIT +UTMP +LIBCRYPTSETUP +GCRYPT +GNUTLS +ACL +XZ -LZ4 +SECCOMP +BLKID +ELFUTILS +KMOD -IDN)
[    3.766479] systemd[1]: Detected virtualization xen.
[    3.769681] systemd[1]: Detected architecture x86-64.
[    3.777863] systemd[1]: Set hostname to <ip-172-31-16-31>.
[    3.959164] systemd[1]: Listening on udev Kernel Socket.
[    3.968111] systemd[1]: Listening on Journal Socket.
[    3.974281] systemd[1]: Listening on Journal Audit Socket.
[    3.980913] systemd[1]: Listening on LVM2 metadata daemon socket.
[    3.988193] systemd[1]: Listening on udev Control Socket.
[    3.995626] systemd[1]: Listening on Journal Socket (/dev/log).
[    4.002985] systemd[1]: Listening on LVM2 poll daemon socket.
[    4.010313] systemd[1]: Listening on Syslog Socket.
[    4.016734] systemd[1]: Reached target Swap.
[    4.022591] systemd[1]: Listening on /dev/initctl Compatibility Named Pipe.
[    4.030913] systemd[1]: Created slice System Slice.
[    4.038304] systemd[1]: Starting Uncomplicated firewall...
[    4.048623] systemd[1]: Starting Load Kernel Modules...
[    4.058573] systemd[1]: Starting Remount Root and Kernel File Systems...
[    4.068444] Loading iSCSI transport class v2.0-870.
[    4.073258] systemd[1]: Mounting Debug File System...
[    4.085481] iscsi: registered transport (tcp)
[    4.089147] systemd[1]: Mounting Huge Pages File System...
[    4.101787] systemd[1]: Starting Journal Service...
[    4.104966] EXT4-fs (xvda1): re-mounted. Opts: discard
[    4.119845] systemd[1]: Starting Nameserver information manager...
[    4.136170] systemd[1]: Started Forward Password Requests to Wall Directory Watch.
[    4.150573] systemd[1]: Started Trigger resolvconf update for networkd DNS.
[    4.160990] systemd[1]: Created slice system-serial\x2dgetty.slice.
[    4.167928] iscsi: registered transport (iser)
[    4.174108] systemd[1]: Starting Create list of required static device nodes for the current kernel...
[    4.186724] systemd[1]: Set up automount Arbitrary Executable File Formats File System Automount Point.
[    4.198001] systemd[1]: Reached target User and Group Name Lookups.
[    4.205926] systemd[1]: Listening on Device-mapper event daemon FIFOs.
[    4.214541] systemd[1]: Starting Monitoring of LVM2 mirrors, snapshots etc. using dmeventd or progress polling...
[    4.226843] systemd[1]: Created slice User and Session Slice.
[    4.236340] systemd[1]: Reached target Slices.
[    4.245311] systemd[1]: Mounting POSIX Message Queue File System...
[    4.256751] systemd[1]: Starting Set console keymap...
[    4.265238] systemd[1]: Reached target Encrypted Volumes.
[    4.279960] systemd[1]: Mounted Debug File System.
[    4.293087] systemd[1]: Mounted Huge Pages File System.
[    4.308134] systemd[1]: Mounted POSIX Message Queue File System.
[    4.318318] systemd[1]: Started Journal Service.
[    4.564342] systemd-journald[382]: Received request to flush runtime journal from PID 1
[    4.901758] audit: type=1400 audit(1508735744.164:2): apparmor="STATUS" operation="profile_load" profile="unconfined" name="lxc-container-default" pid=568 comm="apparmor_parser"
[    4.901762] audit: type=1400 audit(1508735744.164:3): apparmor="STATUS" operation="profile_load" profile="unconfined" name="lxc-container-default-cgns" pid=568 comm="apparmor_parser"
[    4.901766] audit: type=1400 audit(1508735744.164:4): apparmor="STATUS" operation="profile_load" profile="unconfined" name="lxc-container-default-with-mounting" pid=568 comm="apparmor_parser"
[    4.901769] audit: type=1400 audit(1508735744.164:5): apparmor="STATUS" operation="profile_load" profile="unconfined" name="lxc-container-default-with-nesting" pid=568 comm="apparmor_parser"
[    4.912322] audit: type=1400 audit(1508735744.176:6): apparmor="STATUS" operation="profile_load" profile="unconfined" name="/sbin/dhclient" pid=569 comm="apparmor_parser"
[    4.912328] audit: type=1400 audit(1508735744.176:7): apparmor="STATUS" operation="profile_load" profile="unconfined" name="/usr/lib/NetworkManager/nm-dhcp-client.action" pid=569 comm="apparmor_parser"
[    4.912331] audit: type=1400 audit(1508735744.176:8): apparmor="STATUS" operation="profile_load" profile="unconfined" name="/usr/lib/NetworkManager/nm-dhcp-helper" pid=569 comm="apparmor_parser"
[    4.912333] audit: type=1400 audit(1508735744.176:9): apparmor="STATUS" operation="profile_load" profile="unconfined" name="/usr/lib/connman/scripts/dhclient-script" pid=569 comm="apparmor_parser"
[    4.914120] audit: type=1400 audit(1508735744.176:10): apparmor="STATUS" operation="profile_load" profile="unconfined" name="/usr/bin/lxc-start" pid=570 comm="apparmor_parser"
[    6.460090] ppdev: user-space parallel port driver
[    6.550992] random: nonblocking pool is initialized
[    6.565791] ISOFS: Unable to identify CD-ROM format.
[    6.593498] ISOFS: Unable to identify CD-ROM format.
[    6.620302] ISOFS: Unable to identify CD-ROM format.
[    6.650519] ISOFS: Unable to identify CD-ROM format.
[    6.680124] ISOFS: Unable to identify CD-ROM format.
[    7.975240] ISOFS: Unable to identify CD-ROM format.
[    8.003510] ISOFS: Unable to identify CD-ROM format.
[    8.029036] ISOFS: Unable to identify CD-ROM format.
[    8.054687] ISOFS: Unable to identify CD-ROM format.
[    8.080189] ISOFS: Unable to identify CD-ROM format.
[    8.860404] cgroup: new mount options do not match the existing superblock, will be ignored
[   87.882730]  xvdf: xvdf1 xvdf2 xvdf3 xvdf4
[   87.884020]  xvdf: xvdf1 xvdf2 xvdf3 xvdf4
[  135.549931]  xvdf: xvdf1 xvdf2 xvdf3 xvdf4
[  260.654875]  xvdf: xvdf1 xvdf2 xvdf3 xvdf4
[  260.659168]  xvdf: xvdf1 xvdf2 xvdf3 xvdf4
[  367.669361]  xvdf: xvdf1 xvdf2 xvdf3 xvdf4
[  367.673249]  xvdf: xvdf1 xvdf2 xvdf3 xvdf4
[  417.505207]  xvdf:
[  417.507339]  xvdf:
[  423.210742]  xvdf:
[  511.427579]  xvdf:
[  596.849374]  xvdf:
[  634.206601]  xvdf:
[ 2279.657787]  xvdf:
[ 2357.681225]  xvdf:
[ 2561.404135]  xvdf:
[ 2586.722549]  xvdf:
[ 2589.611001]  xvdf:
[ 2611.199172]  xvdf:
[ 2819.092016]  xvdf:
[ 2819.099083]  xvdf: xvdf1
[ 3791.139031]  xvdf: xvdf1
[ 3791.145497]  xvdf: xvdf1
[ 3791.153960]  xvdf: xvdf1
[ 3917.312266]  xvdf: xvdf1
[ 4005.207561]  xvdf: xvdf1
[ 4005.214714]  xvdf: xvdf1
[ 4005.241492]  xvdf: xvdf1
[ 4045.385061]  xvdf:
[ 4045.387385]  xvdf:
[ 4171.037108]  xvdf:
[ 4171.060000]  xvdf: xvdf1
[ 4171.063911]  xvdf: xvdf1
[ 4222.267740]  xvdf: xvdf1
[ 4222.277270]  xvdf: xvdf1
[ 4222.295302]  xvdf: xvdf1
[ 4222.324380]  xvdf: xvdf1
[ 4282.760071]  xvdf: xvdf1
[ 4282.768996]  xvdf: xvdf1
[ 4282.788690]  xvdf: xvdf1
[ 4282.798471]  xvdf: xvdf1
[ 4322.035488]  xvdf: xvdf1
[ 4322.043021]  xvdf: xvdf1
[ 5109.409642]  xvdf:
[ 5192.488647]  xvdf:
[ 5390.044617]  xvdf:
[ 6263.392805]  xvdf:
[ 6271.841552]  xvdf:
[ 6271.853931]  xvdf:
[ 6279.634281]  xvdf:
[ 6279.645865]  xvdf:
[ 6321.778515]  xvdf:
[ 6321.792996]  xvdf:
[ 6361.417819]  xvdf:
[ 6379.942784]  xvdf:
[ 6379.967677]  xvdf:
[ 6383.939274]  xvdf:
[ 6492.930038]  xvdf:
[ 6873.040106]  xvdf:
[ 6909.771302]  xvdf:
[ 7086.717500]  xvdf:
[ 7203.870168]  xvdf:
[ 7259.926757]  xvdf: xvdf1
[ 7268.674699]  xvdf: xvdf1
[ 7274.165328]  xvdf: xvdf1
[ 7304.902260]  xvdf: xvdf1
[ 7997.401815]  xvdf: xvdf1
[ 8043.304860]  xvdf:
[ 8043.312090]  xvdf:
[ 8056.941912]  xvdf:
[ 8056.967134]  xvdf:
[ 8712.952411]  xvdf:
[ 8826.325316]  xvdf: xvdf1 xvdf2
[ 8959.145256]  xvdf: xvdf1 xvdf2 xvdf3
[ 8959.155999]  xvdf: xvdf1 xvdf2 xvdf3
[ 9030.451342]  xvdf: xvdf2 xvdf3
[ 9030.459409]  xvdf: xvdf2 xvdf3
[ 9049.201278]  xvdf: xvdf2 xvdf3
[ 9067.971732]  xvdf:
[ 9067.980580]  xvdf:
[ 9071.528805]  xvdf:
[ 9071.553102]  xvdf:
[ 9093.276159]  xvdf: xvdf1
[ 9124.219150]  xvdf:
[ 9124.226470]  xvdf:
[ 9128.963225]  xvdf:
[ 9128.988728]  xvdf:
[ 9266.311565]  xvdf:
[ 9266.338222]  xvdf:
[ 9364.361089]  xvdf: xvdf1
[ 9370.107818]  xvdf: xvdf1
[ 9382.686836]  xvdf:
[ 9382.693265]  xvdf:
[ 9385.531895]  xvdf:
[ 9385.556547]  xvdf:
[12867.102382]  xvdf: xvdf1
[12867.171243]  xvdf: xvdf1
[13203.840614]  xvdf: xvdf1 xvdf2 xvdf3
[13203.847452]  xvdf: xvdf1 xvdf2 xvdf3
[13392.555209]  xvdf:
[13392.563061]  xvdf:
[13403.808602]  xvdf:
[13403.835666]  xvdf:
[13435.454398]  xvdf: xvdf1
[13435.505508]  xvdf: xvdf1
[14061.784937]  xvdf:
[14061.790725]  xvdf:
[14084.230269]  xvdf:
[14084.256021]  xvdf:
[14109.274677]  xvdf: xvdf1 xvdf2
[14109.361445]  xvdf: xvdf1 xvdf2
